OTU_219	KY230785	2042015	233	4.09e-57	99.225	100
OTU_219	EF023225	404756	233	4.09e-57	99.225	100
OTU_219	KY230760	2042014	222	8.85e-54	97.674	100
OTU_219	KY230720	2041970	222	8.85e-54	97.674	100
OTU_219	EU740589	100272	217	4.12e-52	96.899	100
OTU_219	EF023333	404758	211	1.92e-50	96.825	98
OTU_219	EF023325	404756	211	1.92e-50	96.825	98
OTU_219	EF023134	404756	211	1.92e-50	96.825	98
OTU_219	KY230731	2041947	200	4.15e-47	94.574	100
OTU_219	EU740497	100272	189	8.97e-44	95.082	94
OTU_219	DQ016556	332371	189	8.97e-44	95.726	91
OTU_219	KY230747	928250	178	1.94e-40	91.473	100
OTU_219	AY338691	240910	178	1.94e-40	91.473	100
OTU_219	KY230762	2041935	172	9.04e-39	90.698	100
OTU_219	KY230759	187684	172	9.04e-39	90.698	100
OTU_219	KY230724	187611	172	9.04e-39	90.698	100
OTU_219	KY230719	187684	172	9.04e-39	90.698	100
OTU_219	FJ610762	100272	172	9.04e-39	90.698	100
OTU_219	AF005452	50589	172	9.04e-39	90.698	100
OTU_219	AY555519	48717	172	9.04e-39	90.698	100
OTU_219	KT799628	1840514	169	1.17e-37	97.938	75
OTU_219	KY230796	2042020	167	4.20e-37	89.922	100
OTU_219	KY230761	2041960	167	4.20e-37	89.922	100
OTU_219	KY230727	1725396	167	4.20e-37	89.922	100
OTU_219	EU740617	100272	167	4.20e-37	89.922	100
OTU_232	JN049673	554024	239	8.79e-59	100.000	100
OTU_232	AY878390	310964	207	2.48e-49	95.420	100
OTU_232	AY878394	310960	195	1.93e-45	93.893	100
OTU_232	MK087062	2483306	187	3.23e-43	93.077	100
OTU_232	JN049681	554024	187	3.23e-43	93.077	100
OTU_232	AY284681	293718	187	3.23e-43	97.273	84
OTU_232	AJ567385	227884	187	3.23e-43	93.023	100
OTU_232	DQ285636	310959	182	1.50e-41	92.308	100
OTU_232	JN049672	554024	180	5.40e-41	91.538	100
OTU_232	FJ717462	591453	178	1.94e-40	91.603	100
OTU_232	FJ717460	242824	178	1.94e-40	91.603	100
OTU_232	FJ717459	619704	178	1.94e-40	91.603	100
OTU_232	FJ717458	619703	178	1.94e-40	91.603	100
OTU_232	FJ717457	619702	178	1.94e-40	91.603	100
OTU_232	EU543176	310956	178	1.94e-40	91.603	100
OTU_232	AY878397	227884	178	1.94e-40	91.603	100
OTU_232	AY878396	310962	178	1.94e-40	91.603	100
OTU_232	AY878391	310955	178	1.94e-40	91.603	100
OTU_232	U81579	55785	178	1.94e-40	91.603	100
OTU_232	AY878392	310958	176	6.99e-40	91.538	100
OTU_232	KC522712	310960	167	4.20e-37	92.437	90
OTU_232	FJ717461	591447	167	4.20e-37	90.076	100
OTU_232	AY878395	55785	167	4.20e-37	90.076	100
OTU_232	DQ275363	357918	167	4.20e-37	90.152	99
OTU_232	KC522715	1325426	161	1.96e-35	91.667	90
OTU_1611	KY791302	1982803	211	1.92e-50	96.124	100
OTU_1611	KY791283	1982862	211	1.92e-50	96.124	100
OTU_1611	KY791282	1982990	211	1.92e-50	96.124	100
OTU_1611	KY791280	1983028	211	1.92e-50	96.124	100
OTU_1611	KY791277	1983000	211	1.92e-50	96.124	100
OTU_1611	KY791277	1983018	211	1.92e-50	96.124	100
OTU_1611	KY791277	1983033	211	1.92e-50	96.124	100
OTU_1611	KY791274	1983026	211	1.92e-50	96.124	100
OTU_1611	KY791274	1983035	211	1.92e-50	96.124	100
OTU_1611	KY791271	1983019	211	1.92e-50	96.124	100
OTU_1611	KY791269	1982994	211	1.92e-50	96.124	100
OTU_1611	KY791266	1982821	211	1.92e-50	96.124	100
OTU_1611	KY791265	1982815	211	1.92e-50	96.124	100
OTU_1611	KY791260	1982995	211	1.92e-50	96.124	100
OTU_1611	KY791260	1982996	211	1.92e-50	96.124	100
OTU_1611	KY791260	1983015	211	1.92e-50	96.124	100
OTU_1611	KY791260	1983016	211	1.92e-50	96.124	100
OTU_1611	KY791256	1982788	211	1.92e-50	96.124	100
OTU_1611	KY791207	1982834	211	1.92e-50	96.124	100
OTU_1611	KT302234	1766216	211	1.92e-50	96.124	100
OTU_1611	MZ160148	2834963	211	1.92e-50	96.124	100
OTU_1611	MZ160147	2834963	211	1.92e-50	96.124	100
OTU_1611	MZ160146	2834962	211	1.92e-50	96.124	100
OTU_1611	MZ160145	2834962	211	1.92e-50	96.124	100
OTU_1611	MZ160144	2834962	211	1.92e-50	96.124	100
OTU_1611	MZ160140	2834959	211	1.92e-50	96.124	100
OTU_1611	MZ160135	1917750	211	1.92e-50	96.124	100
OTU_1611	MZ160134	2834954	211	1.92e-50	96.124	100
OTU_1611	MZ160133	2834954	211	1.92e-50	96.124	100
OTU_1611	MZ160131	2834953	211	1.92e-50	96.124	100
OTU_1611	MZ160128	2834952	211	1.92e-50	96.124	100
OTU_575	MW306052	1979794	206	8.91e-49	95.349	100
OTU_575	HM536151	1043723	206	8.91e-49	95.349	100
OTU_575	AB616675	986733	206	8.91e-49	95.349	100
OTU_575	FJ790711	686735	206	8.91e-49	95.349	100
OTU_575	FJ790710	686734	206	8.91e-49	95.349	100
OTU_575	EF024268	404737	206	8.91e-49	95.349	100
OTU_575	EF024692	404737	206	8.91e-49	95.349	100
OTU_575	EF024104	404740	206	8.91e-49	95.349	100
OTU_575	EF024499	404740	206	8.91e-49	95.349	100
OTU_575	EF024494	404740	206	8.91e-49	95.349	100
OTU_575	EF024403	404740	206	8.91e-49	95.349	100
OTU_575	EF024251	404737	206	8.91e-49	95.349	100
OTU_575	MG775587	1979794	200	4.15e-47	94.574	100
OTU_575	HM536149	1043721	200	4.15e-47	94.574	100
OTU_575	HM536148	1043720	200	4.15e-47	94.574	100
OTU_575	HM536147	1043726	200	4.15e-47	94.574	100
OTU_575	FJ790695	686719	200	4.15e-47	94.574	100
OTU_575	EF455759	439943	200	4.15e-47	94.574	100
OTU_575	AY965869	328352	200	4.15e-47	94.574	100
OTU_575	AY965868	328351	200	4.15e-47	94.574	100
OTU_575	AF411266	188954	200	4.15e-47	94.574	100
OTU_575	MG775586	1979794	195	1.93e-45	93.798	100
OTU_575	FJ790712	686736	195	1.93e-45	93.798	100
OTU_575	FJ790694	686718	195	1.93e-45	93.893	100
OTU_575	DQ243998	356913	195	1.93e-45	93.798	100
OTU_168	MH429976	2213110	230	5.29e-56	98.473	100
OTU_168	KM043270	392034	230	5.29e-56	98.473	100
OTU_168	KM043267	392030	230	5.29e-56	98.473	100
OTU_168	KM043265	1331302	230	5.29e-56	98.473	100
OTU_168	KM043262	468659	230	5.29e-56	98.473	100
OTU_168	KM043255	433694	230	5.29e-56	98.473	100
OTU_168	OK534155	2884632	230	5.29e-56	98.473	100
OTU_168	KF561105	392034	230	5.29e-56	98.473	100
OTU_168	KF561104	231624	230	5.29e-56	98.473	100
OTU_168	KF561095	104782	230	5.29e-56	98.473	100
OTU_168	JX494739	104782	230	5.29e-56	98.473	100
OTU_168	JX494734	104782	230	5.29e-56	98.473	100
OTU_168	JX494732	104782	230	5.29e-56	98.473	100
OTU_168	GQ922334	317506	230	5.29e-56	98.473	100
OTU_168	GQ922331	317506	230	5.29e-56	98.473	100
OTU_168	GQ922327	317506	230	5.29e-56	98.473	100
OTU_168	GQ922326	317506	230	5.29e-56	98.473	100
OTU_168	GQ922325	317506	230	5.29e-56	98.473	100
OTU_168	GQ922323	317506	230	5.29e-56	98.473	100
OTU_168	GQ922319	317506	230	5.29e-56	98.473	100
OTU_168	GQ922317	317506	230	5.29e-56	98.473	100
OTU_168	GQ922316	317506	230	5.29e-56	98.473	100
OTU_168	GQ922315	317506	230	5.29e-56	98.473	100
OTU_168	GQ922314	317506	230	5.29e-56	98.473	100
OTU_168	GQ922311	317506	230	5.29e-56	98.473	100
OTU_38	XR_003884956	72781	239	8.79e-59	100.000	100
OTU_38	XR_003822565	613905	239	8.79e-59	100.000	100
OTU_38	XR_003822537	613905	239	8.79e-59	100.000	100
OTU_38	XR_003822524	613905	239	8.79e-59	100.000	100
OTU_38	XR_003822501	613905	239	8.79e-59	100.000	100
OTU_38	XR_003822476	613905	239	8.79e-59	100.000	100
OTU_38	XR_003822337	613905	239	8.79e-59	100.000	100
OTU_38	XR_003822290	613905	239	8.79e-59	100.000	100
OTU_38	XR_003822249	613905	239	8.79e-59	100.000	100
OTU_38	XR_003822181	613905	239	8.79e-59	100.000	100
OTU_38	XR_003822171	613905	239	8.79e-59	100.000	100
OTU_38	XR_003822166	613905	239	8.79e-59	100.000	100
OTU_38	XR_003822098	613905	239	8.79e-59	100.000	100
OTU_38	XR_003821956	613905	239	8.79e-59	100.000	100
OTU_38	XR_003821955	613905	239	8.79e-59	100.000	100
OTU_38	XR_003821823	613905	239	8.79e-59	100.000	100
OTU_38	XR_003821820	613905	239	8.79e-59	100.000	100
OTU_38	XR_003821748	613905	239	8.79e-59	100.000	100
OTU_38	XR_003821747	613905	239	8.79e-59	100.000	100
OTU_38	XR_003821643	613905	239	8.79e-59	100.000	100
OTU_38	XR_003821642	613905	239	8.79e-59	100.000	100
OTU_38	XR_003821641	613905	239	8.79e-59	100.000	100
OTU_38	XR_003821639	613905	239	8.79e-59	100.000	100
OTU_38	XR_003821637	613905	239	8.79e-59	100.000	100
OTU_38	XR_003821614	613905	239	8.79e-59	100.000	100
OTU_30	KC512927	1291223	239	8.79e-59	100.000	100
OTU_30	KC512926	1291222	239	8.79e-59	100.000	100
OTU_30	KC512925	1291222	239	8.79e-59	100.000	100
OTU_30	KC512924	1291221	228	1.90e-55	98.450	100
OTU_30	KC512933	1291245	222	8.85e-54	97.674	100
OTU_30	KC512991	1291696	217	4.12e-52	96.899	100
OTU_30	KC512998	1291288	206	8.91e-49	95.349	100
OTU_30	KC512953	146804	206	8.91e-49	95.349	100
OTU_30	KC512928	1291239	206	8.91e-49	95.349	100
OTU_30	AP022634	34305	200	4.15e-47	94.574	100
OTU_30	AP022634	34305	200	4.15e-47	94.574	100
OTU_30	AP022634	34305	200	4.15e-47	94.574	100
OTU_30	LR722623	112509	200	4.15e-47	94.574	100
OTU_30	XR_003358374	3469	200	4.15e-47	94.574	100
OTU_30	AB904181	163893	200	4.15e-47	94.574	100
OTU_30	AB904179	163893	200	4.15e-47	94.574	100
OTU_30	AB904175	163893	200	4.15e-47	94.574	100
OTU_30	XR_006488179	4565	200	4.15e-47	94.574	100
OTU_30	KC513004	304012	200	4.15e-47	94.574	100
OTU_30	KC512999	1291289	200	4.15e-47	94.574	100
OTU_30	KC512992	1291674	200	4.15e-47	94.574	100
OTU_30	KC512960	45061	200	4.15e-47	94.574	100
OTU_30	KC512959	133901	200	4.15e-47	94.574	100
OTU_30	KC512958	1291679	200	4.15e-47	94.574	100
OTU_30	KC512956	133901	200	4.15e-47	94.574	100
OTU_30	KC512955	133901	200	4.15e-47	94.574	100
OTU_30	KC512954	1291225	200	4.15e-47	94.574	100
OTU_199	EU740651	100272	233	4.09e-57	99.225	100
OTU_199	AJ966501	344393	233	4.09e-57	99.225	100
OTU_199	EF024180	417444	228	1.90e-55	98.450	100
OTU_199	AJ966484	211337	228	1.90e-55	98.450	100
OTU_199	AJ966472	344372	228	1.90e-55	98.450	100
OTU_199	JN049662	554024	222	8.85e-54	97.674	100
OTU_199	JN049661	554024	222	8.85e-54	97.674	100
OTU_199	KY942068	2136808	220	3.18e-53	98.400	97
OTU_199	KY942067	2136808	220	3.18e-53	98.400	97
OTU_199	AJ875137	554024	219	1.14e-52	97.638	98
OTU_199	HM851184	1068861	217	4.12e-52	96.899	100
OTU_199	HQ404367	1068862	217	4.12e-52	96.899	100
OTU_199	FJ042950	592164	217	4.12e-52	96.899	100
OTU_199	EU740557	100272	217	4.12e-52	96.899	100
OTU_199	EU740512	100272	217	4.12e-52	96.899	100
OTU_199	EU740499	100272	217	4.12e-52	96.923	100
OTU_199	EU740440	100272	217	4.12e-52	96.899	100
OTU_199	EU740430	100272	217	4.12e-52	96.899	100
OTU_199	EF023365	404752	217	4.12e-52	96.923	100
OTU_199	AY687996	304907	217	4.12e-52	96.899	100
OTU_199	AF511416	241697	217	4.12e-52	96.899	100
OTU_199	AF511415	241697	217	4.12e-52	96.899	100
OTU_199	AJ875153	309549	217	4.12e-52	96.923	100
OTU_199	MG921264	2486829	215	1.48e-51	97.600	97
OTU_199	MK946073	342097	211	1.92e-50	96.154	100
OTU_140	EF024636	417963	222	8.85e-54	97.674	100
OTU_140	EF024411	417975	222	8.85e-54	97.674	100
OTU_140	EF024103	417963	222	8.85e-54	97.674	100
OTU_140	EF024103	417975	222	8.85e-54	97.674	100
OTU_140	EF024404	417975	222	8.85e-54	97.674	100
OTU_140	AF411895	188206	222	8.85e-54	97.674	100
OTU_140	MK946222	342097	217	4.12e-52	96.899	100
OTU_140	KU316613	175245	217	4.12e-52	96.899	100
OTU_140	FJ611134	100272	217	4.12e-52	96.899	100
OTU_140	AF209453	77731	215	1.48e-51	96.899	100
OTU_140	LC012708	1588040	211	1.92e-50	96.124	100
OTU_140	FJ611087	100272	211	1.92e-50	96.124	100
OTU_140	OX243825	35632	206	8.91e-49	95.385	100
OTU_140	OX243825	35632	206	8.91e-49	95.385	100
OTU_140	OX243825	35632	206	8.91e-49	95.385	100
OTU_140	OX243825	35632	206	8.91e-49	95.385	100
OTU_140	OX243825	35632	206	8.91e-49	95.385	100
OTU_140	OX243825	35632	206	8.91e-49	95.385	100
OTU_140	OX243825	35632	206	8.91e-49	95.385	100
OTU_140	OX243825	35632	206	8.91e-49	95.385	100
OTU_140	OX243825	35632	206	8.91e-49	95.385	100
OTU_140	OX243825	35632	206	8.91e-49	95.385	100
OTU_140	OX243825	35632	206	8.91e-49	95.385	100
OTU_140	OX243825	35632	206	8.91e-49	95.385	100
OTU_140	OX243825	35632	206	8.91e-49	95.385	100
OTU_140	OX243825	35632	206	8.91e-49	95.385	100
OTU_140	OX243825	35632	206	8.91e-49	95.385	100
OTU_140	OX243825	35632	206	8.91e-49	95.385	100
OTU_140	OX243825	35632	206	8.91e-49	95.385	100
OTU_140	OX243825	35632	206	8.91e-49	95.385	100
OTU_140	OX243825	35632	206	8.91e-49	95.385	100
OTU_140	OX243825	35632	206	8.91e-49	95.385	100
OTU_140	OX243825	35632	206	8.91e-49	95.385	100
OTU_140	OX243825	35632	206	8.91e-49	95.385	100
OTU_140	OX243825	35632	206	8.91e-49	95.385	100
OTU_140	OX243825	35632	206	8.91e-49	95.385	100
OTU_140	OX243825	35632	206	8.91e-49	95.385	100
OTU_140	OX243825	35632	206	8.91e-49	95.385	100
OTU_140	OX243825	35632	206	8.91e-49	95.385	100
OTU_140	OX243825	35632	206	8.91e-49	95.385	100
OTU_140	OX243825	35632	206	8.91e-49	95.385	100
OTU_140	OX243825	35632	206	8.91e-49	95.385	100
OTU_140	OX243825	35632	206	8.91e-49	95.385	100
OTU_140	OX243825	35632	206	8.91e-49	95.385	100
OTU_140	OX243825	35632	206	8.91e-49	95.385	100
OTU_140	OX243825	35632	206	8.91e-49	95.385	100
OTU_140	OX243825	35632	206	8.91e-49	95.385	100
OTU_140	OX243825	35632	206	8.91e-49	95.385	100
OTU_140	OX243825	35632	206	8.91e-49	95.385	100
OTU_140	OX243825	35632	206	8.91e-49	95.385	100
OTU_140	OX243825	35632	206	8.91e-49	95.385	100
OTU_140	OX243825	35632	206	8.91e-49	95.385	100
OTU_140	OX243825	35632	206	8.91e-49	95.385	100
OTU_140	OX243825	35632	206	8.91e-49	95.385	100
OTU_140	OX243825	35632	206	8.91e-49	95.385	100
OTU_140	OX243825	35632	206	8.91e-49	95.385	100
OTU_140	OX243825	35632	206	8.91e-49	95.385	100
OTU_140	OX243825	35632	206	8.91e-49	95.385	100
OTU_140	OX243825	35632	206	8.91e-49	95.385	100
OTU_140	KF205934	408844	206	8.91e-49	95.385	100
OTU_140	KF205933	168636	206	8.91e-49	95.385	100
OTU_140	HQ691211	6398	206	8.91e-49	95.385	100
OTU_140	GU453341	735368	206	8.91e-49	94.574	100
OTU_140	EF024303	417963	206	8.91e-49	95.385	100
OTU_140	EF024303	693772	206	8.91e-49	95.385	100
OTU_140	EF534709	6396	206	8.91e-49	95.385	100
OTU_140	AF209458	81491	206	8.91e-49	95.385	100
OTU_140	AJ272527	116955	206	8.91e-49	95.385	100
OTU_140	AJ272312	334871	206	8.91e-49	95.385	100
OTU_140	AB076887	6396	206	8.91e-49	95.385	100
OTU_140	AJ272183	6398	206	8.91e-49	95.385	100
OTU_140	X79872	6396	206	8.91e-49	95.385	100
OTU_140	AF209457	61662	204	3.20e-48	95.349	100
OTU_1218	AB618063	702693	211	1.92e-50	96.154	100
OTU_1218	AB618062	322050	206	8.91e-49	95.385	100
OTU_1218	AB618061	322050	206	8.91e-49	95.385	100
OTU_1218	AB618060	322050	206	8.91e-49	95.385	100
OTU_1218	AB618059	911334	206	8.91e-49	95.385	100
OTU_1218	AB618058	911334	206	8.91e-49	95.385	100
OTU_1218	L76343	48833	206	8.91e-49	95.349	100
OTU_1218	AY620939	296245	204	3.20e-48	95.385	100
OTU_1218	XR_003777136	34638	200	4.15e-47	94.615	100
OTU_1218	XR_003777128	34638	200	4.15e-47	94.615	100
OTU_1218	LC333816	2054912	200	4.15e-47	94.656	100
OTU_1218	KY922102	2051769	200	4.15e-47	97.436	91
OTU_1218	AB862883	1414592	200	4.15e-47	94.615	100
OTU_1218	AB862881	1414593	200	4.15e-47	94.615	100
OTU_1218	AB618057	84382	200	4.15e-47	94.615	100
OTU_1218	AB618055	84382	200	4.15e-47	94.615	100
OTU_1218	GQ129213	34641	200	4.15e-47	94.574	100
OTU_1218	AY620940	109461	200	4.15e-47	94.574	100
OTU_1218	AY620938	296244	200	4.15e-47	94.615	100
OTU_1218	AY620937	48833	200	4.15e-47	95.238	98
OTU_1218	LC333817	2054912	195	1.93e-45	93.893	100
OTU_1218	AB862882	1414592	195	1.93e-45	93.846	100
OTU_1218	AB618065	992338	195	1.93e-45	93.846	100
OTU_1218	AB618064	992338	195	1.93e-45	93.846	100
OTU_1218	AB618056	84382	195	1.93e-45	93.846	100
OTU_147	MG684566	2338605	239	8.79e-59	100.000	100
OTU_147	MN201415	329072	233	4.09e-57	99.225	100
OTU_147	MN201412	2597422	233	4.09e-57	99.225	100
OTU_147	MN201389	2597486	233	4.09e-57	99.225	100
OTU_147	MN201377	2597531	233	4.09e-57	99.225	100
OTU_147	MN201373	2597411	233	4.09e-57	99.225	100
OTU_147	MN201372	2597479	233	4.09e-57	99.225	100
OTU_147	MG684601	2339005	233	4.09e-57	99.225	100
OTU_147	MG684600	1914938	233	4.09e-57	99.225	100
OTU_147	MG684598	2338627	233	4.09e-57	99.225	100
OTU_147	MG684597	2338625	233	4.09e-57	99.225	100
OTU_147	MG684596	2447904	233	4.09e-57	99.225	100
OTU_147	MG684595	2338568	233	4.09e-57	99.225	100
OTU_147	MG684594	1819782	233	4.09e-57	99.225	100
OTU_147	MG684593	2338577	233	4.09e-57	99.225	100
OTU_147	MG684592	2338578	233	4.09e-57	99.225	100
OTU_147	MG684591	2338596	233	4.09e-57	99.225	100
OTU_147	MG684565	2339003	233	4.09e-57	99.225	100
OTU_147	MG684553	2338619	233	4.09e-57	99.225	100
OTU_147	MG684552	329074	233	4.09e-57	99.225	100
OTU_147	MG684551	329072	233	4.09e-57	99.225	100
OTU_147	MG684550	153221	233	4.09e-57	99.225	100
OTU_147	MG684549	2338573	233	4.09e-57	99.225	100
OTU_147	MG684548	225063	233	4.09e-57	99.225	100
OTU_147	MG684547	2338569	233	4.09e-57	99.225	100
OTU_23	GU453340	6390	239	8.79e-59	100.000	100
OTU_23	U67325	47734	239	8.79e-59	100.000	100
OTU_23	AY040683	167813	233	4.09e-57	100.000	98
OTU_23	U95948	60214	233	4.09e-57	99.225	100
OTU_23	Z83750	47734	233	4.09e-57	99.231	100
OTU_23	KU862790	1812973	200	4.15e-47	94.574	100
OTU_23	AJ875123	554024	200	4.15e-47	94.574	100
OTU_23	GU901871	34589	193	6.94e-45	100.000	81
OTU_23	KU862793	1812976	189	8.97e-44	93.023	100
OTU_23	KU862817	1816090	183	4.18e-42	92.248	100
OTU_23	GU453338	735363	183	4.18e-42	92.248	100
OTU_23	FJ611134	100272	183	4.18e-42	92.308	100
OTU_23	EF024636	417963	183	4.18e-42	92.308	100
OTU_23	EF024411	417975	183	4.18e-42	92.308	100
OTU_23	EF024103	417963	183	4.18e-42	92.308	100
OTU_23	EF024103	417975	183	4.18e-42	92.308	100
OTU_23	EF024404	417975	183	4.18e-42	92.308	100
OTU_23	AF411895	188206	183	4.18e-42	92.308	100
OTU_23	AF209453	77731	182	1.50e-41	92.308	100
OTU_23	MK946222	342097	178	1.94e-40	91.538	100
OTU_23	KU862794	1813005	178	1.94e-40	91.473	100
OTU_23	KU316613	175245	178	1.94e-40	91.538	100
OTU_23	FJ611087	100272	178	1.94e-40	91.538	100
OTU_23	KY636891	1969542	174	2.51e-39	90.698	100
OTU_23	KY636889	1969542	174	2.51e-39	90.698	100
OTU_23	KU862805	1812983	174	2.51e-39	90.698	100
OTU_375	FJ611087	100272	206	8.91e-49	95.349	100
OTU_375	MK946222	342097	200	4.15e-47	94.574	100
OTU_375	FJ611134	100272	200	4.15e-47	94.574	100
OTU_375	AJ875123	554024	195	1.93e-45	93.798	100
OTU_375	EF024636	417963	189	8.97e-44	93.023	100
OTU_375	EF024411	417975	189	8.97e-44	93.023	100
OTU_375	EF024103	417963	189	8.97e-44	93.023	100
OTU_375	EF024103	417975	189	8.97e-44	93.023	100
OTU_375	EF024404	417975	189	8.97e-44	93.023	100
OTU_375	AF411895	188206	189	8.97e-44	93.023	100
OTU_375	GU901854	913633	187	3.23e-43	99.038	81
OTU_375	GU901853	2015631	187	3.23e-43	99.038	81
OTU_375	KU862790	1812973	183	4.18e-42	92.248	100
OTU_375	KU316613	175245	183	4.18e-42	92.248	100
OTU_375	GU453338	735363	183	4.18e-42	92.248	100
OTU_375	GU901855	913634	182	1.50e-41	98.077	81
OTU_375	AF209453	77731	182	1.50e-41	92.248	100
OTU_375	KU862817	1816090	178	1.94e-40	91.473	100
OTU_375	KU862794	1813005	178	1.94e-40	91.473	100
OTU_375	KU862793	1812976	178	1.94e-40	91.473	100
OTU_375	EF467052	6386	178	1.94e-40	91.473	100
OTU_375	FJ611094	100272	174	2.51e-39	96.226	82
OTU_375	KU862811	735370	172	9.04e-39	90.698	100
OTU_375	KU862810	735370	172	9.04e-39	90.698	100
OTU_375	KU862807	1813003	172	9.04e-39	90.698	100
OTU_375	JF412522	6386	172	9.04e-39	90.698	100
OTU_4096	KM516200	1545444	174	2.51e-39	90.909	100
OTU_4096	KJ757075	100272	169	1.17e-37	90.152	100
OTU_4096	KX465184	175276	167	4.20e-37	90.000	100
OTU_4096	KJ631039	1536791	167	4.20e-37	90.000	100
OTU_4096	EU371175	203449	165	1.51e-36	90.076	100
OTU_4096	KJ762435	100272	163	5.44e-36	89.474	100
OTU_4096	EF526839	203449	163	5.44e-36	90.476	95
OTU_4096	EF024885	404735	158	2.53e-34	88.636	100
OTU_4096	KU587848	1864612	156	9.10e-34	88.722	100
OTU_4096	KT757482	1924736	154	3.27e-33	89.431	95
OTU_4096	KM387288	81824	154	3.27e-33	88.462	100
OTU_4096	KF130426	100272	154	3.27e-33	88.462	100
OTU_4096	KF130422	100272	154	3.27e-33	88.462	100
OTU_4096	KF130421	100272	154	3.27e-33	88.462	100
OTU_4096	KF130419	100272	154	3.27e-33	88.462	100
OTU_4096	KF130417	100272	154	3.27e-33	88.462	100
OTU_4096	KF130416	100272	154	3.27e-33	88.462	100
OTU_4096	KF130412	100272	154	3.27e-33	88.462	100
OTU_4096	KF130411	100272	154	3.27e-33	88.462	100
OTU_4096	KF130408	100272	154	3.27e-33	88.462	100
OTU_4096	KF130407	100272	154	3.27e-33	88.462	100
OTU_4096	KF130403	100272	154	3.27e-33	88.462	100
OTU_4096	KF130401	100272	154	3.27e-33	88.462	100
OTU_4096	KF130399	100272	154	3.27e-33	88.462	100
OTU_4096	KF130397	100272	154	3.27e-33	88.462	100
OTU_1192	EF025015	100272	239	8.79e-59	100.000	100
OTU_1192	EF023764	100272	239	8.79e-59	100.000	100
OTU_1192	EF023379	100272	239	8.79e-59	100.000	100
OTU_1192	EF024680	175275	233	4.09e-57	99.225	100
OTU_1192	EF024274	100272	233	4.09e-57	99.225	100
OTU_1192	EF023353	100272	233	4.09e-57	99.225	100
OTU_1192	EF024525	175275	228	1.90e-55	98.450	100
OTU_1192	EF023774	404735	228	1.90e-55	98.450	100
OTU_1192	EF023694	404735	228	1.90e-55	98.450	100
OTU_1192	EF023692	404735	228	1.90e-55	98.450	100
OTU_1192	EF023541	404735	228	1.90e-55	98.450	100
OTU_1192	EF023500	314576	228	1.90e-55	98.450	100
OTU_1192	EF023500	404735	228	1.90e-55	98.450	100
OTU_1192	DQ243997	356913	228	1.90e-55	98.450	100
OTU_1192	MW306080	2792761	226	6.84e-55	98.438	99
OTU_1192	HQ121430	981202	222	8.85e-54	97.674	100
OTU_1192	DQ243995	356913	222	8.85e-54	97.674	100
OTU_1192	AB585966	882203	220	3.18e-53	97.656	99
OTU_1192	GU070876	693772	220	3.18e-53	98.400	97
OTU_1192	MH625651	1709941	217	4.12e-52	99.167	93
OTU_1192	MW306081	2792761	215	1.48e-51	96.875	99
OTU_1192	MH625502	1709941	211	1.92e-50	98.333	93
OTU_1192	MH624980	1709941	211	1.92e-50	98.333	93
OTU_1192	EF023895	100272	211	1.92e-50	96.124	100
OTU_1192	EF023812	100272	211	1.92e-50	96.124	100
OTU_1192	EF023585	100272	211	1.92e-50	96.124	100
OTU_47	AJ875123	554024	239	8.79e-59	100.000	100
OTU_47	KU862790	1812973	217	4.12e-52	96.899	100
OTU_47	GU453338	735363	217	4.12e-52	96.899	100
OTU_47	MK946222	342097	211	1.92e-50	96.124	100
OTU_47	KU862793	1812976	211	1.92e-50	96.124	100
OTU_47	FJ611134	100272	211	1.92e-50	96.124	100
OTU_47	EF024636	417963	211	1.92e-50	96.124	100
OTU_47	EF024411	417975	211	1.92e-50	96.124	100
OTU_47	EF024103	417963	211	1.92e-50	96.124	100
OTU_47	EF024103	417975	211	1.92e-50	96.124	100
OTU_47	EF024404	417975	211	1.92e-50	96.124	100
OTU_47	AF411895	188206	211	1.92e-50	96.124	100
OTU_47	KU316613	175245	206	8.91e-49	95.349	100
OTU_47	GU453341	735368	206	8.91e-49	94.574	100
OTU_47	FJ611087	100272	206	8.91e-49	95.349	100
OTU_47	AF209453	77731	204	3.20e-48	95.349	100
OTU_47	KU862817	1816090	200	4.15e-47	94.574	100
OTU_47	KU862794	1813005	200	4.15e-47	94.574	100
OTU_47	LC012708	1588040	200	4.15e-47	94.574	100
OTU_47	GU453340	6390	200	4.15e-47	94.574	100
OTU_47	U67325	47734	200	4.15e-47	94.574	100
OTU_47	KU862805	1812983	196	5.36e-46	93.798	100
OTU_47	KU862798	1812979	196	5.36e-46	93.798	100
OTU_47	KU862813	913669	195	1.93e-45	93.846	100
OTU_47	KU862811	735370	195	1.93e-45	93.798	100
OTU_47	KU862810	735370	195	1.93e-45	93.798	100
OTU_60	XR_003083727	32264	239	8.79e-59	100.000	100
OTU_60	XR_003083726	32264	239	8.79e-59	100.000	100
OTU_60	XR_003083724	32264	239	8.79e-59	100.000	100
OTU_60	XR_003083723	32264	239	8.79e-59	100.000	100
OTU_60	XR_003083722	32264	239	8.79e-59	100.000	100
OTU_60	XR_003083721	32264	239	8.79e-59	100.000	100
OTU_60	XR_003083720	32264	239	8.79e-59	100.000	100
OTU_60	XR_003083719	32264	239	8.79e-59	100.000	100
OTU_60	XR_003083718	32264	239	8.79e-59	100.000	100
OTU_60	XR_003083717	32264	239	8.79e-59	100.000	100
OTU_60	XR_003083662	32264	239	8.79e-59	100.000	100
OTU_60	XR_003082111	32264	239	8.79e-59	100.000	100
OTU_60	XR_003082110	32264	239	8.79e-59	100.000	100
OTU_60	XR_003082109	32264	239	8.79e-59	100.000	100
OTU_60	XR_003082108	32264	239	8.79e-59	100.000	100
OTU_60	XR_003082107	32264	239	8.79e-59	100.000	100
OTU_60	XR_003082106	32264	239	8.79e-59	100.000	100
OTU_60	XR_003082105	32264	239	8.79e-59	100.000	100
OTU_60	KY922196	32264	239	8.79e-59	100.000	100
OTU_60	GU339365	32264	239	8.79e-59	100.000	100
OTU_60	KY922197	32264	233	4.09e-57	99.231	100
OTU_60	XR_003083725	32264	231	1.47e-56	99.225	100
OTU_60	KY922195	2051744	230	5.29e-56	99.213	98
OTU_60	AB853934	50028	226	6.84e-55	100.000	95
OTU_60	KP276498	1712303	185	1.16e-42	95.000	91
OTU_301	MT209942	410329	239	8.79e-59	100.000	100
OTU_301	MT209937	410329	239	8.79e-59	100.000	100
OTU_301	MT209934	410329	239	8.79e-59	100.000	100
OTU_301	MT209932	410329	239	8.79e-59	100.000	100
OTU_301	MH789979	509922	239	8.79e-59	100.000	100
OTU_301	MG430283	410329	239	8.79e-59	100.000	100
OTU_301	MT492483	410329	239	8.79e-59	100.000	100
OTU_301	MT492481	410329	239	8.79e-59	100.000	100
OTU_301	MT492480	410329	239	8.79e-59	100.000	100
OTU_301	MT492478	410329	239	8.79e-59	100.000	100
OTU_301	MT492477	410329	239	8.79e-59	100.000	100
OTU_301	MT492476	410329	239	8.79e-59	100.000	100
OTU_301	MT492474	410329	239	8.79e-59	100.000	100
OTU_301	MT492473	410329	239	8.79e-59	100.000	100
OTU_301	MT492472	410329	239	8.79e-59	100.000	100
OTU_301	MT492468	410329	239	8.79e-59	100.000	100
OTU_301	MT492465	410329	239	8.79e-59	100.000	100
OTU_301	KJ934141	509922	239	8.79e-59	100.000	100
OTU_301	KJ934130	509922	239	8.79e-59	100.000	100
OTU_301	EF030983	410329	239	8.79e-59	100.000	100
OTU_301	MT492482	410329	233	4.09e-57	99.225	100
OTU_301	MT492479	410329	233	4.09e-57	99.225	100
OTU_301	MT492475	410329	233	4.09e-57	99.225	100
OTU_301	MT492471	410329	233	4.09e-57	99.225	100
OTU_301	MT492469	410329	233	4.09e-57	99.225	100
OTU_245	MK292127	2592549	187	3.23e-43	93.023	100
OTU_245	JN049668	554024	187	3.23e-43	93.023	100
OTU_245	AJ875153	309549	187	3.23e-43	93.077	100
OTU_245	MG921256	2486833	183	4.18e-42	92.969	98
OTU_245	MG921255	2486833	183	4.18e-42	92.969	98
OTU_245	MK946073	342097	182	1.50e-41	92.308	100
OTU_245	KM067902	1549609	182	1.50e-41	92.248	100
OTU_245	JN049678	554024	182	1.50e-41	92.308	100
OTU_245	JN049677	554024	182	1.50e-41	92.308	100
OTU_245	JN049659	554024	182	1.50e-41	92.308	100
OTU_245	FJ611118	100272	182	1.50e-41	92.308	100
OTU_245	FJ611113	100272	182	1.50e-41	92.308	100
OTU_245	FJ610793	100272	182	1.50e-41	92.308	100
OTU_245	EU740554	100272	182	1.50e-41	92.308	100
OTU_245	EU740547	100272	182	1.50e-41	92.308	100
OTU_245	EU740530	100272	182	1.50e-41	92.308	100
OTU_245	EF024986	404735	182	1.50e-41	92.308	100
OTU_245	EF024830	282495	182	1.50e-41	92.308	100
OTU_245	EF024797	282495	182	1.50e-41	92.308	100
OTU_245	EF024457	282495	182	1.50e-41	92.308	100
OTU_245	EF024622	404756	182	1.50e-41	92.308	100
OTU_245	EF024209	100272	182	1.50e-41	92.308	100
OTU_245	EF024209	282495	182	1.50e-41	92.308	100
OTU_245	EF024229	282495	182	1.50e-41	92.308	100
OTU_245	EF023365	404752	182	1.50e-41	92.308	100
OTU_245	AJ875154	309550	182	1.50e-41	92.308	100
OTU_245	AJ875154	309551	182	1.50e-41	92.308	100
OTU_79	MK292136	2592553	239	8.79e-59	100.000	100
OTU_79	MK292135	2592552	239	8.79e-59	100.000	100
OTU_79	MF372952	2563342	239	8.79e-59	100.000	100
OTU_79	MF372951	2563342	239	8.79e-59	100.000	100
OTU_79	OM812094	2919900	239	8.79e-59	100.000	100
OTU_79	KJ934159	208518	239	8.79e-59	100.000	100
OTU_79	KJ934158	208518	239	8.79e-59	100.000	100
OTU_79	KF748494	208518	239	8.79e-59	100.000	100
OTU_79	KF748493	208518	239	8.79e-59	100.000	100
OTU_79	KF748492	208518	239	8.79e-59	100.000	100
OTU_79	KF748491	208518	239	8.79e-59	100.000	100
OTU_79	KF748489	208518	239	8.79e-59	100.000	100
OTU_79	KF748488	208518	239	8.79e-59	100.000	100
OTU_79	KF748487	208518	239	8.79e-59	100.000	100
OTU_79	KF748485	208518	239	8.79e-59	100.000	100
OTU_79	KF748484	208518	239	8.79e-59	100.000	100
OTU_79	KF748483	208518	239	8.79e-59	100.000	100
OTU_79	KF748482	208518	239	8.79e-59	100.000	100
OTU_79	KF748480	208518	239	8.79e-59	100.000	100
OTU_79	KF748479	208518	239	8.79e-59	100.000	100
OTU_79	KF748478	208518	239	8.79e-59	100.000	100
OTU_79	KF748477	208518	239	8.79e-59	100.000	100
OTU_79	KF748476	208518	239	8.79e-59	100.000	100
OTU_79	KF748474	208518	239	8.79e-59	100.000	100
OTU_79	KF748473	208518	239	8.79e-59	100.000	100
OTU_270	EF456754	432293	167	4.20e-37	90.076	100
OTU_270	EF456753	432297	167	4.20e-37	90.076	100
OTU_270	AJ418782	39714	161	1.96e-35	89.313	100
OTU_270	AJ418786	178360	156	9.10e-34	88.550	100
OTU_270	AJ418785	178360	150	4.23e-32	87.786	100
OTU_270	EF023835	404700	148	1.52e-31	87.597	100
OTU_270	EF023332	404700	148	1.52e-31	87.597	100
OTU_270	EF023300	404700	148	1.52e-31	87.597	100
OTU_270	X77692	39714	148	1.52e-31	87.786	100
OTU_270	EF456748	432302	145	1.97e-30	86.822	100
OTU_270	AJ418783	39714	145	1.97e-30	87.121	100
OTU_270	EF023453	404790	143	7.09e-30	86.923	100
OTU_270	AJ418784	39714	139	9.17e-29	86.364	100
OTU_270	MH625506	1709941	137	3.30e-28	87.603	93
OTU_270	KF539408	1427730	137	3.30e-28	86.047	100
OTU_270	KT072121	100272	135	1.19e-27	86.508	98
OTU_270	AJ418787	178361	134	4.26e-27	85.271	100
OTU_270	EF024104	404740	134	4.26e-27	85.496	100
OTU_270	EF024499	404740	134	4.26e-27	85.496	100
OTU_270	EF024494	404740	134	4.26e-27	85.496	100
OTU_270	EF024403	404740	134	4.26e-27	85.496	100
OTU_270	KX999711	1764557	132	1.53e-26	85.821	100
OTU_270	EF025028	100272	128	1.98e-25	84.615	100
OTU_270	EF025021	100272	128	1.98e-25	84.615	100
OTU_270	EF024455	404700	128	1.98e-25	84.496	100
OTU_53	KU316613	175245	233	4.09e-57	99.225	100
OTU_53	MK946222	342097	228	1.90e-55	98.450	100
OTU_53	EF024636	417963	228	1.90e-55	98.450	100
OTU_53	EF024411	417975	228	1.90e-55	98.450	100
OTU_53	EF024103	417963	228	1.90e-55	98.450	100
OTU_53	EF024103	417975	228	1.90e-55	98.450	100
OTU_53	EF024404	417975	228	1.90e-55	98.450	100
OTU_53	AF411895	188206	228	1.90e-55	98.450	100
OTU_53	GU453338	735363	222	8.85e-54	97.674	100
OTU_53	AF209453	77731	220	3.18e-53	97.674	100
OTU_53	LC012708	1588040	217	4.12e-52	96.899	100
OTU_53	FJ611134	100272	217	4.12e-52	96.899	100
OTU_53	GU453341	735368	211	1.92e-50	95.349	100
OTU_53	FJ611087	100272	211	1.92e-50	96.124	100
OTU_53	AJ875123	554024	211	1.92e-50	96.124	100
OTU_53	KU862793	1812976	206	8.91e-49	95.349	100
OTU_53	KU862790	1812973	206	8.91e-49	95.349	100
OTU_53	KU862805	1812983	202	1.15e-47	94.574	100
OTU_53	KU862798	1812979	202	1.15e-47	94.574	100
OTU_53	KU862811	735370	200	4.15e-47	94.574	100
OTU_53	KU862810	735370	200	4.15e-47	94.574	100
OTU_53	KU862807	1813003	200	4.15e-47	94.574	100
OTU_53	KU862803	1812978	196	5.36e-46	93.798	100
OTU_53	KU862803	1812983	196	5.36e-46	93.798	100
OTU_53	KU862813	913669	195	1.93e-45	93.846	100
OTU_53	KU862794	1813005	195	1.93e-45	93.798	100
OTU_53	KF205932	408826	195	1.93e-45	93.798	100
OTU_1285	AB618062	322050	239	8.79e-59	100.000	100
OTU_1285	AB618061	322050	239	8.79e-59	100.000	100
OTU_1285	AB618060	322050	239	8.79e-59	100.000	100
OTU_1285	XR_003777136	34638	233	4.09e-57	99.225	100
OTU_1285	XR_003777128	34638	233	4.09e-57	99.225	100
OTU_1285	AB862883	1414592	233	4.09e-57	99.225	100
OTU_1285	AB618063	702693	233	4.09e-57	99.225	100
OTU_1285	AY620938	296244	233	4.09e-57	99.225	100
OTU_1285	AB862882	1414592	228	1.90e-55	98.450	100
OTU_1285	AB618065	992338	228	1.90e-55	98.450	100
OTU_1285	AB618064	992338	228	1.90e-55	98.450	100
OTU_1285	AB618059	911334	228	1.90e-55	98.450	100
OTU_1285	AB618058	911334	228	1.90e-55	98.450	100
OTU_1285	LC333816	2054912	222	8.85e-54	97.692	100
OTU_1285	AB862881	1414593	222	8.85e-54	97.674	100
OTU_1285	AB618057	84382	222	8.85e-54	97.674	100
OTU_1285	AB618055	84382	222	8.85e-54	97.674	100
OTU_1285	LC333817	2054912	217	4.12e-52	96.923	100
OTU_1285	AB618056	84382	217	4.12e-52	96.899	100
OTU_1285	L76343	48833	217	4.12e-52	96.899	100
OTU_1285	AB862880	1209662	211	1.92e-50	96.124	100
OTU_1285	GQ129213	34641	211	1.92e-50	96.124	100
OTU_1285	AY620937	48833	211	1.92e-50	96.825	98
OTU_1285	AY620939	296245	204	3.20e-48	95.349	100
OTU_1285	AF115374	91339	200	4.15e-47	94.574	100
OTU_87	EU740659	100272	239	8.79e-59	100.000	100
OTU_87	EU740472	100272	239	8.79e-59	100.000	100
OTU_87	EU740429	100272	239	8.79e-59	100.000	100
OTU_87	EU740452	100272	233	4.09e-57	99.225	100
OTU_87	KY230741	1496267	206	8.91e-49	95.349	100
OTU_87	KY554604	2022977	206	8.91e-49	95.349	100
OTU_87	KY230782	1190784	200	4.15e-47	94.615	100
OTU_87	KY230769	2042009	200	4.15e-47	94.574	100
OTU_87	KY230768	1113191	200	4.15e-47	94.574	100
OTU_87	KY554614	2022947	200	4.15e-47	94.574	100
OTU_87	KY554620	2022991	195	1.93e-45	93.798	100
OTU_87	KY554615	2022948	195	1.93e-45	93.798	100
OTU_87	KY554609	2022942	195	1.93e-45	93.798	100
OTU_87	AY555522	187699	195	1.93e-45	93.798	100
OTU_87	KY230779	247611	189	8.97e-44	93.023	100
OTU_87	KY230775	2041954	189	8.97e-44	93.023	100
OTU_87	KY230774	187635	189	8.97e-44	93.023	100
OTU_87	KY230762	2041935	189	8.97e-44	93.023	100
OTU_87	KY230759	187684	189	8.97e-44	93.023	100
OTU_87	KY230752	187635	189	8.97e-44	93.023	100
OTU_87	KY230736	2041937	189	8.97e-44	93.023	100
OTU_87	KY230725	1725397	189	8.97e-44	93.023	100
OTU_87	KY230719	187684	189	8.97e-44	93.023	100
OTU_87	KY230708	187635	189	8.97e-44	93.023	100
OTU_87	KY230703	247611	189	8.97e-44	93.023	100
OTU_780	MZ279926	644148	239	8.79e-59	100.000	100
OTU_780	MZ280008	2839010	228	1.90e-55	98.450	100
OTU_780	MZ280002	2837769	228	1.90e-55	98.450	100
OTU_780	MZ280001	2838029	228	1.90e-55	98.450	100
OTU_780	MZ279987	2837926	228	1.90e-55	98.450	100
OTU_780	MZ279964	2837768	228	1.90e-55	98.450	100
OTU_780	MZ279958	1452685	228	1.90e-55	98.450	100
OTU_780	MZ279944	1452685	228	1.90e-55	98.450	100
OTU_780	MZ279906	2837831	228	1.90e-55	98.450	100
OTU_780	MZ279880	2837712	228	1.90e-55	98.450	100
OTU_780	MZ279859	1452559	228	1.90e-55	98.450	100
OTU_780	MZ279843	1452559	228	1.90e-55	98.450	100
OTU_780	MZ279826	2837795	228	1.90e-55	98.450	100
OTU_780	MZ279825	1452559	228	1.90e-55	98.450	100
OTU_780	MZ279794	2837925	228	1.90e-55	98.450	100
OTU_780	MZ279793	2837765	228	1.90e-55	98.450	100
OTU_780	MZ279777	2837914	228	1.90e-55	98.450	100
OTU_780	MZ279743	2837795	228	1.90e-55	98.450	100
OTU_780	MZ279739	2837795	228	1.90e-55	98.450	100
OTU_780	MZ279738	2837690	228	1.90e-55	98.450	100
OTU_780	MZ279716	1452559	228	1.90e-55	98.450	100
OTU_780	MZ279830	2837702	222	8.85e-54	97.674	100
OTU_780	MZ279904	1452559	219	1.14e-52	98.387	96
OTU_780	MZ279946	2837886	217	4.12e-52	96.923	100
OTU_780	MZ279799	2837841	215	1.48e-51	96.899	100
OTU_1515	LC030334	45929	217	4.12e-52	96.899	100
OTU_1515	LC030332	45929	217	4.12e-52	96.899	100
OTU_1515	MH796905	2305719	195	1.93e-45	93.798	100
OTU_1515	LC030333	45929	189	8.97e-44	93.182	100
OTU_1515	LC030336	45929	183	4.18e-42	92.308	100
OTU_1515	LC030331	45929	183	4.18e-42	92.308	100
OTU_1515	LC030330	45929	183	4.18e-42	92.308	100
OTU_1515	LC030335	45929	178	1.94e-40	91.538	100
OTU_1515	LC030329	45929	172	9.04e-39	90.769	100
OTU_1515	OK490338	2883596	172	9.04e-39	90.840	100
OTU_1515	OK490337	2883596	172	9.04e-39	90.840	100
OTU_1515	OK490336	2883596	172	9.04e-39	90.840	100
OTU_1515	FJ969136	110514	171	3.25e-38	90.769	99
OTU_1515	MW403999	6306	169	1.17e-37	90.698	100
OTU_1515	DQ909022	189291	169	1.17e-37	90.698	100
OTU_1515	MT586763	45936	167	4.20e-37	90.076	100
OTU_1515	MT586755	45936	167	4.20e-37	90.076	100
OTU_1515	MN757910	436456	167	4.20e-37	89.922	100
OTU_1515	MK292133	45936	167	4.20e-37	90.076	100
OTU_1515	MK208689	45936	167	4.20e-37	90.076	100
OTU_1515	MH729053	45936	167	4.20e-37	90.076	100
OTU_1515	KY424229	45936	167	4.20e-37	90.076	100
OTU_1515	KY424228	45936	167	4.20e-37	90.076	100
OTU_1515	KY424227	45936	167	4.20e-37	90.076	100
OTU_1515	KY424226	45936	167	4.20e-37	90.076	100
OTU_149	EU740523	100272	239	8.79e-59	100.000	100
OTU_149	EU740487	100272	239	8.79e-59	100.000	100
OTU_149	EU740677	100272	233	4.09e-57	99.231	100
OTU_149	KY922212	2051745	230	5.29e-56	100.000	96
OTU_149	KY922216	1686679	217	4.12e-52	96.899	100
OTU_149	KR081605	1797409	217	4.12e-52	96.899	100
OTU_149	LC108997	100272	217	4.12e-52	96.899	100
OTU_149	EF091422	128015	217	4.12e-52	96.899	100
OTU_149	ON866945	2959346	217	4.12e-52	96.899	100
OTU_149	JQ000046	412825	217	4.12e-52	96.899	100
OTU_149	HQ661380	66606	217	4.12e-52	96.899	100
OTU_149	HQ661380	932709	217	4.12e-52	96.899	100
OTU_149	HQ661380	941192	217	4.12e-52	96.899	100
OTU_149	HQ661379	66560	217	4.12e-52	96.899	100
OTU_149	FJ611157	100272	217	4.12e-52	96.899	100
OTU_149	EF081307	334623	217	4.12e-52	96.899	100
OTU_149	EF081306	412824	217	4.12e-52	96.899	100
OTU_149	EF081305	425100	217	4.12e-52	96.899	100
OTU_149	EF081304	412821	217	4.12e-52	96.899	100
OTU_149	EF081303	334604	217	4.12e-52	96.899	100
OTU_149	EF081301	412851	217	4.12e-52	96.899	100
OTU_149	EF081300	412853	217	4.12e-52	96.899	100
OTU_149	EF081299	229830	217	4.12e-52	96.899	100
OTU_149	EF091423	334611	217	4.12e-52	96.899	100
OTU_149	EF091420	198258	217	4.12e-52	96.899	100
OTU_149	AF022041	66606	217	4.12e-52	96.899	100
OTU_149	MF773739	1401271	211	1.92e-50	96.124	100
OTU_142	KY230753	2041939	239	8.79e-59	100.000	100
OTU_142	KY230733	2041939	239	8.79e-59	100.000	100
OTU_142	KY230700	574228	239	8.79e-59	100.000	100
OTU_142	EF024979	404754	239	8.79e-59	100.000	100
OTU_142	EF024710	404754	239	8.79e-59	100.000	100
OTU_142	EF024829	404754	239	8.79e-59	100.000	100
OTU_142	EF024821	404754	239	8.79e-59	100.000	100
OTU_142	EF024377	404754	239	8.79e-59	100.000	100
OTU_142	EF024377	404756	239	8.79e-59	100.000	100
OTU_142	EF024185	404754	239	8.79e-59	100.000	100
OTU_142	EF024185	404756	239	8.79e-59	100.000	100
OTU_142	EF024658	404754	239	8.79e-59	100.000	100
OTU_142	EF024538	404790	239	8.79e-59	100.000	100
OTU_142	EF024518	404754	239	8.79e-59	100.000	100
OTU_142	EF024424	404790	239	8.79e-59	100.000	100
OTU_142	EF024459	404754	239	8.79e-59	100.000	100
OTU_142	EF024371	404754	239	8.79e-59	100.000	100
OTU_142	EF024364	404754	239	8.79e-59	100.000	100
OTU_142	EF024321	404756	239	8.79e-59	100.000	100
OTU_142	EF024231	404756	239	8.79e-59	100.000	100
OTU_142	EF024192	404754	239	8.79e-59	100.000	100
OTU_142	EF024531	404754	233	4.09e-57	99.225	100
OTU_142	EF024227	404754	233	4.09e-57	99.225	100
OTU_142	EF024190	404756	233	4.09e-57	99.225	100
OTU_142	KY230734	2041944	222	8.85e-54	97.674	100
OTU_142	KY230735	39272	217	4.12e-52	96.899	100
OTU_142	KY230702	39272	217	4.12e-52	96.899	100
OTU_75	MZ279988	2604756	222	8.85e-54	97.674	100
OTU_75	MZ279974	2837946	222	8.85e-54	97.674	100
OTU_75	MZ279871	2837704	222	8.85e-54	97.674	100
OTU_75	MZ279870	2837766	222	8.85e-54	97.674	100
OTU_75	MZ279748	2837685	222	8.85e-54	97.674	100
OTU_75	MZ279747	2837710	222	8.85e-54	97.674	100
OTU_75	LR131163	2488566	217	4.12e-52	96.899	100
OTU_75	MZ279980	1452570	217	4.12e-52	96.899	100
OTU_75	MZ279977	2837708	217	4.12e-52	96.899	100
OTU_75	MZ279893	2837779	217	4.12e-52	96.899	100
OTU_75	MZ279789	2837665	217	4.12e-52	96.899	100
OTU_75	KJ841967	1536896	217	4.12e-52	96.899	100
OTU_75	MZ279913	2837679	206	8.91e-49	95.349	100
OTU_75	MZ279998	2837682	200	4.15e-47	94.574	100
OTU_75	MZ279981	2837646	195	1.93e-45	93.798	100
OTU_75	MZ279731	2837646	195	1.93e-45	93.798	100
OTU_75	KJ841949	1536865	189	8.97e-44	93.023	100
OTU_75	MN415994	2604756	189	8.97e-44	93.798	100
OTU_75	MZ279978	2837686	183	4.18e-42	92.248	100
OTU_75	MZ279924	2837686	183	4.18e-42	92.248	100
OTU_75	MZ279826	2837795	183	4.18e-42	92.308	100
OTU_75	MZ280008	2839010	178	1.94e-40	91.538	100
OTU_75	MZ279944	1452685	178	1.94e-40	91.538	100
OTU_75	MZ279843	1452559	178	1.94e-40	91.473	100
OTU_75	MZ279825	1452559	178	1.94e-40	91.473	100
OTU_105	KC512957	407010	217	4.12e-52	96.899	100
OTU_105	AP022634	34305	211	1.92e-50	96.124	100
OTU_105	AP022634	34305	211	1.92e-50	96.124	100
OTU_105	AP022634	34305	211	1.92e-50	96.124	100
OTU_105	LR722623	112509	211	1.92e-50	96.124	100
OTU_105	XR_003358374	3469	211	1.92e-50	96.124	100
OTU_105	AB904181	163893	211	1.92e-50	96.124	100
OTU_105	AB904179	163893	211	1.92e-50	96.124	100
OTU_105	AB904175	163893	211	1.92e-50	96.124	100
OTU_105	XR_006488179	4565	211	1.92e-50	96.124	100
OTU_105	KC513004	304012	211	1.92e-50	96.124	100
OTU_105	KC512999	1291289	211	1.92e-50	96.124	100
OTU_105	KC512998	1291288	211	1.92e-50	96.154	100
OTU_105	KC512960	45061	211	1.92e-50	96.124	100
OTU_105	KC512959	133901	211	1.92e-50	96.124	100
OTU_105	KC512958	1291679	211	1.92e-50	96.124	100
OTU_105	KC512956	133901	211	1.92e-50	96.124	100
OTU_105	KC512955	133901	211	1.92e-50	96.124	100
OTU_105	KC512954	1291225	211	1.92e-50	96.124	100
OTU_105	EU740571	100272	211	1.92e-50	96.124	100
OTU_105	EU740549	100272	211	1.92e-50	96.124	100
OTU_105	EU740533	100272	211	1.92e-50	96.124	100
OTU_105	AB904173	163899	206	8.91e-49	95.349	100
OTU_105	AB904172	163899	206	8.91e-49	95.349	100
OTU_105	KC513008	670443	206	8.91e-49	95.385	100
OTU_105	KC512987	1291230	206	8.91e-49	95.385	100
OTU_105	KC512976	1291229	206	8.91e-49	95.385	100
OTU_482	EF024104	404740	239	8.79e-59	100.000	100
OTU_482	EF024499	404740	239	8.79e-59	100.000	100
OTU_482	EF024494	404740	239	8.79e-59	100.000	100
OTU_482	EF024403	404740	239	8.79e-59	100.000	100
OTU_482	EF024268	404737	211	1.92e-50	96.124	100
OTU_482	EF024692	404737	211	1.92e-50	96.124	100
OTU_482	EF024251	404737	211	1.92e-50	96.124	100
OTU_482	MG775587	1979794	206	8.91e-49	95.349	100
OTU_482	HM536149	1043721	206	8.91e-49	95.349	100
OTU_482	HM536148	1043720	206	8.91e-49	95.349	100
OTU_482	HM536147	1043726	206	8.91e-49	95.349	100
OTU_482	FJ790712	686736	206	8.91e-49	95.349	100
OTU_482	FJ790695	686719	206	8.91e-49	95.349	100
OTU_482	EF455759	439943	206	8.91e-49	95.349	100
OTU_482	AY965869	328352	206	8.91e-49	95.349	100
OTU_482	AY965868	328351	206	8.91e-49	95.349	100
OTU_482	AF411266	188954	206	8.91e-49	95.349	100
OTU_482	MG775586	1979794	200	4.15e-47	94.574	100
OTU_482	MW306052	1979794	200	4.15e-47	94.574	100
OTU_482	HM536151	1043723	200	4.15e-47	94.574	100
OTU_482	AB616675	986733	200	4.15e-47	94.574	100
OTU_482	FJ790711	686735	200	4.15e-47	94.574	100
OTU_482	FJ790710	686734	200	4.15e-47	94.574	100
OTU_482	FJ790701	686725	200	4.15e-47	94.574	100
OTU_482	FJ790700	686724	200	4.15e-47	94.574	100
OTU_129	EF023149	404752	239	8.79e-59	100.000	100
OTU_129	EF024763	404766	233	4.09e-57	99.225	100
OTU_129	EF024168	404766	233	4.09e-57	99.225	100
OTU_129	EF023156	404750	231	1.47e-56	99.225	100
OTU_129	EF024023	404735	228	1.90e-55	98.450	100
OTU_129	EF023985	404735	228	1.90e-55	98.450	100
OTU_129	EF023655	404742	228	1.90e-55	98.450	100
OTU_129	EF023278	404735	228	1.90e-55	98.450	100
OTU_129	EF023271	404766	228	1.90e-55	98.450	100
OTU_129	EF023163	404788	228	1.90e-55	98.450	100
OTU_129	JN705524	340210	220	3.18e-53	98.400	97
OTU_129	EF024646	404766	217	4.12e-52	96.899	100
OTU_129	EF023624	404744	195	1.93e-45	93.798	100
OTU_129	EF023597	404744	195	1.93e-45	93.798	100
OTU_129	EF023467	404744	195	1.93e-45	93.798	100
OTU_129	EF023472	404752	183	4.18e-42	94.309	95
OTU_129	AY593937	288546	183	4.18e-42	97.222	84
OTU_129	AY593936	288546	183	4.18e-42	97.222	84
OTU_129	KY554501	100272	167	4.20e-37	89.922	100
OTU_129	FJ611108	100272	167	4.20e-37	89.922	100
OTU_129	AJ966507	344396	167	4.20e-37	89.922	100
OTU_129	AJ875122	554024	163	5.44e-36	89.764	98
OTU_129	EU910601	554024	159	7.04e-35	89.600	97
OTU_129	KF846534	1532002	156	9.10e-34	88.372	100
OTU_129	KF846533	1532002	156	9.10e-34	88.372	100
OTU_98	FJ610801	100272	239	8.79e-59	100.000	100
OTU_98	FJ610784	100272	239	8.79e-59	100.000	100
OTU_98	AJ966510	344399	233	4.09e-57	99.225	100
OTU_98	MG921235	1279131	226	6.84e-55	99.200	97
OTU_98	MG921234	1279131	226	6.84e-55	99.200	97
OTU_98	FJ610793	100272	222	8.85e-54	97.674	100
OTU_98	MK292127	2592549	211	1.92e-50	96.124	100
OTU_98	KX244935	1221438	211	1.92e-50	96.124	100
OTU_98	KM067902	1549609	211	1.92e-50	96.154	100
OTU_98	JN049662	554024	211	1.92e-50	96.124	100
OTU_98	EF023689	404752	211	1.92e-50	96.124	100
OTU_98	KT258983	1774740	209	6.89e-50	96.800	97
OTU_98	KT258982	1774740	209	6.89e-50	96.800	97
OTU_98	KT308878	1789214	206	8.91e-49	95.349	100
OTU_98	KP268973	1588186	206	8.91e-49	95.349	100
OTU_98	KP268972	1588185	206	8.91e-49	95.349	100
OTU_98	KP407873	260251	206	8.91e-49	95.349	100
OTU_98	JN049668	554024	206	8.91e-49	95.349	100
OTU_98	AY283155	241687	206	8.91e-49	95.349	100
OTU_98	EU477380	523084	206	8.91e-49	95.349	100
OTU_98	EU503148	526330	206	8.91e-49	95.349	100
OTU_98	EU740557	100272	206	8.91e-49	95.349	100
OTU_98	EU740512	100272	206	8.91e-49	95.349	100
OTU_98	EU740440	100272	206	8.91e-49	95.349	100
OTU_98	EU740430	100272	206	8.91e-49	95.349	100
OTU_446	EU740650	100272	239	8.79e-59	100.000	100
OTU_446	AJ966489	344384	239	8.79e-59	100.000	100
OTU_446	EU740652	100272	233	4.09e-57	99.231	100
OTU_446	MG921251	2486832	231	1.47e-56	100.000	97
OTU_446	MG921248	2486825	220	3.18e-53	98.400	97
OTU_446	MG921247	2486825	220	3.18e-53	98.400	97
OTU_446	MK292127	2592549	217	4.12e-52	96.899	100
OTU_446	JN049666	554024	217	4.12e-52	96.899	100
OTU_446	AJ966488	344383	217	4.12e-52	96.899	100
OTU_446	KX372263	1881085	215	1.48e-51	97.600	97
OTU_446	KX372261	1881084	215	1.48e-51	97.600	97
OTU_446	AJ875133	554024	213	5.33e-51	96.850	98
OTU_446	MG921244	2486831	209	6.89e-50	96.800	97
OTU_446	MG921242	2486831	209	6.89e-50	96.800	97
OTU_446	MK946073	342097	206	8.91e-49	95.385	100
OTU_446	JN049678	554024	206	8.91e-49	95.385	100
OTU_446	JN049677	554024	206	8.91e-49	95.385	100
OTU_446	JN049659	554024	206	8.91e-49	95.385	100
OTU_446	FJ611118	100272	206	8.91e-49	95.385	100
OTU_446	FJ611113	100272	206	8.91e-49	95.385	100
OTU_446	FJ610793	100272	206	8.91e-49	95.349	100
OTU_446	EU740554	100272	206	8.91e-49	95.385	100
OTU_446	EU740547	100272	206	8.91e-49	95.385	100
OTU_446	EU740530	100272	206	8.91e-49	95.385	100
OTU_446	EF024986	404735	206	8.91e-49	95.385	100
OTU_827	MN542209	492086	233	4.09e-57	99.225	100
OTU_827	MW716338	492086	233	4.09e-57	99.225	100
OTU_827	MW716337	492086	233	4.09e-57	99.225	100
OTU_827	EU306349	492086	233	4.09e-57	99.225	100
OTU_827	JQ814878	1166538	228	1.90e-55	98.450	100
OTU_827	JQ814875	1166535	228	1.90e-55	98.450	100
OTU_827	EU306348	492086	228	1.90e-55	98.450	100
OTU_827	JQ814877	1166537	217	4.12e-52	96.899	100
OTU_827	MN542200	1538496	211	1.92e-50	96.124	100
OTU_827	KX156304	1934785	211	1.92e-50	96.124	100
OTU_827	JQ814876	1166536	211	1.92e-50	96.124	100
OTU_827	FJ969113	312543	209	6.89e-50	96.124	100
OTU_827	MN542210	492086	206	8.91e-49	95.385	100
OTU_827	JQ814880	1158295	206	8.91e-49	95.349	100
OTU_827	JQ814879	1166539	206	8.91e-49	95.349	100
OTU_827	MW716352	239347	204	3.20e-48	95.349	100
OTU_827	MW716351	239347	204	3.20e-48	95.349	100
OTU_827	MW716347	239345	204	3.20e-48	95.349	100
OTU_827	MW716333	2591748	204	3.20e-48	95.349	100
OTU_827	MT079821	2710783	204	3.20e-48	95.385	100
OTU_827	MN542201	1538496	202	1.15e-47	94.656	100
OTU_827	MW716320	1538496	200	4.15e-47	94.574	100
OTU_827	ON025932	312543	198	1.49e-46	94.615	100
OTU_827	KJ869322	492086	198	1.49e-46	99.091	85
OTU_827	KJ869304	492086	198	1.49e-46	99.091	85
OTU_4439	MH625040	1709941	206	8.91e-49	97.500	93
OTU_4439	MH625496	1709941	200	4.15e-47	96.667	93
OTU_4439	MH624836	1709941	200	4.15e-47	96.667	93
OTU_4439	MH624690	1709941	200	4.15e-47	96.667	93
OTU_4439	MH624859	1709941	189	8.97e-44	95.000	93
OTU_4439	AF084230	81526	189	8.97e-44	93.023	100
OTU_4439	AF271999	81526	189	8.97e-44	93.023	100
OTU_4439	KJ631039	1536791	183	4.18e-42	92.248	100
OTU_4439	MH625011	1709941	178	1.94e-40	93.333	93
OTU_4439	AF084231	81528	176	6.99e-40	92.063	96
OTU_4439	MH625232	1709941	172	9.04e-39	92.500	93
OTU_4439	MH625605	1709941	167	4.20e-37	91.803	93
OTU_4439	MH625334	1709941	167	4.20e-37	91.803	93
OTU_4439	MF190553	2006546	163	5.44e-36	89.313	100
OTU_4439	EF024885	404735	163	5.44e-36	89.313	100
OTU_4439	MH625302	1709941	161	1.96e-35	90.984	93
OTU_4439	EU011928	473817	161	1.96e-35	89.394	100
OTU_4439	EU371175	203449	159	7.04e-35	89.231	100
OTU_4439	MH625622	1709941	158	2.53e-34	90.164	93
OTU_4439	KJ762435	100272	158	2.53e-34	88.636	100
OTU_4439	MT611055	2744139	158	2.53e-34	88.636	100
OTU_4439	HM799849	329654	158	2.53e-34	88.889	100
OTU_4439	AF358113	140462	158	2.53e-34	88.889	100
OTU_4439	AF293682	140462	158	2.53e-34	88.889	100
OTU_4439	MH624891	1709941	156	9.10e-34	90.164	93
OTU_52	KY687577	175245	239	8.79e-59	100.000	100
OTU_52	KY687529	175245	239	8.79e-59	100.000	100
OTU_52	FJ554135	100272	239	8.79e-59	100.000	100
OTU_52	FJ553490	100272	239	8.79e-59	100.000	100
OTU_52	FJ553005	100272	233	4.09e-57	99.225	100
OTU_52	MK946217	342097	84.2	4.36e-12	78.626	100
OTU_52	MN447324	2609479	73.1	9.43e-09	90.741	42
OTU_52	KY687732	175245	73.1	9.43e-09	77.612	100
OTU_52	KX287535	1873320	73.1	9.43e-09	77.444	100
OTU_52	KX287512	1873337	73.1	9.43e-09	77.444	100
OTU_52	KX287511	1873337	73.1	9.43e-09	77.444	100
OTU_52	KX287510	1873337	73.1	9.43e-09	77.444	100
OTU_52	KX287508	1873337	73.1	9.43e-09	77.444	100
OTU_52	KX287507	1873337	73.1	9.43e-09	77.444	100
OTU_52	OP151196	2968244	73.1	9.43e-09	93.750	37
OTU_52	OP151195	875772	73.1	9.43e-09	93.750	37
OTU_52	OP151187	1074458	73.1	9.43e-09	93.750	37
OTU_52	OP151186	1519991	73.1	9.43e-09	93.750	37
OTU_52	OP151185	123339	73.1	9.43e-09	93.750	37
OTU_52	OP151184	123257	73.1	9.43e-09	93.750	37
OTU_52	OP151183	123232	73.1	9.43e-09	93.750	37
OTU_52	OP151179	319540	73.1	9.43e-09	93.750	37
OTU_52	OP151177	1519970	73.1	9.43e-09	93.750	37
OTU_52	OP151176	123249	73.1	9.43e-09	93.750	37
OTU_52	OP151169	1519989	73.1	9.43e-09	93.750	37
OTU_311	KM043249	338310	217	4.12e-52	96.899	100
OTU_311	GQ922299	317506	217	4.12e-52	96.899	100
OTU_311	KF561099	392026	215	1.48e-51	96.899	100
OTU_311	JX494745	392026	215	1.48e-51	96.899	100
OTU_311	MK946076	342097	211	1.92e-50	96.124	100
OTU_311	MH429976	2213110	211	1.92e-50	96.124	100
OTU_311	KM043270	392034	211	1.92e-50	96.124	100
OTU_311	KM043265	1331302	211	1.92e-50	96.124	100
OTU_311	KM043262	468659	211	1.92e-50	96.124	100
OTU_311	KM043255	433694	211	1.92e-50	96.124	100
OTU_311	OK534155	2884632	211	1.92e-50	96.124	100
OTU_311	KF561104	231624	211	1.92e-50	96.124	100
OTU_311	JX494733	104782	211	1.92e-50	96.124	100
OTU_311	GQ922318	317506	211	1.92e-50	96.124	100
OTU_311	GQ922317	317506	211	1.92e-50	96.124	100
OTU_311	GQ922311	317506	211	1.92e-50	96.124	100
OTU_311	GQ922310	317506	211	1.92e-50	96.124	100
OTU_311	GQ922309	317506	211	1.92e-50	96.124	100
OTU_311	GQ922306	317506	211	1.92e-50	96.124	100
OTU_311	GQ922304	317506	211	1.92e-50	96.124	100
OTU_311	GQ922303	317506	211	1.92e-50	96.124	100
OTU_311	GQ922301	317506	211	1.92e-50	96.124	100
OTU_311	GQ922300	317506	211	1.92e-50	96.124	100
OTU_311	MK946164	342097	206	8.91e-49	95.349	100
OTU_311	KM043271	1548231	206	8.91e-49	95.349	100
OTU_183	MF773738	2030487	217	4.12e-52	96.899	100
OTU_183	JQ000048	1111209	217	4.12e-52	96.899	100
OTU_183	MH198178	2202872	211	1.92e-50	96.124	100
OTU_183	KX397636	1914586	211	1.92e-50	96.124	100
OTU_183	KX397635	229840	211	1.92e-50	96.124	100
OTU_183	KX397634	1914585	211	1.92e-50	96.124	100
OTU_183	KX397633	1914584	211	1.92e-50	96.124	100
OTU_183	KX397632	885394	211	1.92e-50	96.124	100
OTU_183	KX397631	503180	211	1.92e-50	96.124	100
OTU_183	KX397630	229834	211	1.92e-50	96.124	100
OTU_183	EF091419	229848	211	1.92e-50	96.124	100
OTU_183	KJ423065	1490270	211	1.92e-50	96.124	100
OTU_183	AB818523	1323716	211	1.92e-50	96.124	100
OTU_183	EU433987	503180	211	1.92e-50	96.124	100
OTU_183	KR081614	708394	206	8.91e-49	95.349	100
OTU_183	KR081603	1797427	206	8.91e-49	95.349	100
OTU_183	KT354348	1697045	206	8.91e-49	95.349	100
OTU_183	FJ611093	100272	206	8.91e-49	95.349	100
OTU_183	MK630359	229786	200	4.15e-47	94.574	100
OTU_183	MK630354	229815	200	4.15e-47	94.574	100
OTU_183	KR081634	1797451	200	4.15e-47	94.574	100
OTU_183	KR081631	1797447	200	4.15e-47	94.574	100
OTU_183	OL839306	229815	200	4.15e-47	94.574	100
OTU_183	MW298513	2792527	200	4.15e-47	94.574	100
OTU_183	MW298512	2792527	200	4.15e-47	94.574	100
OTU_256	MN887605	2692751	178	1.94e-40	96.296	84
OTU_256	MN887604	2692752	178	1.94e-40	96.296	84
OTU_256	MN887603	2692753	178	1.94e-40	96.296	84
OTU_256	MN887602	2692754	178	1.94e-40	96.296	84
OTU_256	AY284770	293889	178	1.94e-40	96.296	84
OTU_256	MG921239	2486828	176	6.99e-40	92.000	97
OTU_256	MG921238	2486828	176	6.99e-40	92.000	97
OTU_256	KJ636342	1510642	172	9.04e-39	95.370	84
OTU_256	FJ610801	100272	172	9.04e-39	90.769	100
OTU_256	FJ610784	100272	172	9.04e-39	90.769	100
OTU_256	AJ966510	344399	172	9.04e-39	90.698	100
OTU_256	AY593944	288562	172	9.04e-39	95.370	84
OTU_256	MG921240	2486828	171	3.25e-38	91.200	97
OTU_256	JN049662	554024	167	4.20e-37	89.922	100
OTU_256	EU477380	523084	167	4.20e-37	89.922	100
OTU_256	AY284771	293889	167	4.20e-37	94.545	84
OTU_256	MG921235	1279131	165	1.51e-36	90.400	97
OTU_256	MG921234	1279131	165	1.51e-36	90.400	97
OTU_256	FJ610793	100272	161	1.96e-35	89.147	100
OTU_256	EU740557	100272	161	1.96e-35	89.147	100
OTU_256	EU740512	100272	161	1.96e-35	89.147	100
OTU_256	EU740440	100272	161	1.96e-35	89.147	100
OTU_256	EU740430	100272	161	1.96e-35	89.147	100
OTU_256	AJ966484	211337	161	1.96e-35	89.147	100
OTU_256	KX244935	1221438	156	9.10e-34	88.372	100
OTU_37	FJ611197	100272	239	8.79e-59	100.000	100
OTU_37	FJ611182	100272	239	8.79e-59	100.000	100
OTU_37	FJ610977	100272	239	8.79e-59	100.000	100
OTU_37	FJ610948	100272	239	8.79e-59	100.000	100
OTU_37	FJ610922	100272	239	8.79e-59	100.000	100
OTU_37	FJ610776	100272	239	8.79e-59	100.000	100
OTU_37	EU740658	100272	239	8.79e-59	100.000	100
OTU_37	EU740646	100272	239	8.79e-59	100.000	100
OTU_37	EU740561	100272	239	8.79e-59	100.000	100
OTU_37	EU740539	100272	239	8.79e-59	100.000	100
OTU_37	EU740509	100272	239	8.79e-59	100.000	100
OTU_37	EU740496	100272	239	8.79e-59	100.000	100
OTU_37	EU740493	100272	239	8.79e-59	100.000	100
OTU_37	EU740489	100272	239	8.79e-59	100.000	100
OTU_37	EU740468	100272	239	8.79e-59	100.000	100
OTU_37	EU740444	100272	239	8.79e-59	100.000	100
OTU_37	EU740436	100272	239	8.79e-59	100.000	100
OTU_37	EU740434	100272	239	8.79e-59	100.000	100
OTU_37	FJ611195	100272	233	4.09e-57	100.000	98
OTU_37	KY922138	2051915	228	1.90e-55	100.000	95
OTU_37	KY922137	2051914	228	1.90e-55	100.000	95
OTU_37	JQ000033	2051913	228	1.90e-55	100.000	95
OTU_37	FJ610964	100272	228	1.90e-55	98.462	100
OTU_37	FJ610799	100272	228	1.90e-55	100.000	95
OTU_37	EU740461	100272	226	6.84e-55	98.450	100
OTU_545	AJ567385	227884	233	4.09e-57	99.225	100
OTU_545	MK087062	2483306	195	1.93e-45	93.798	100
OTU_545	JN049681	554024	195	1.93e-45	93.798	100
OTU_545	JN049673	554024	195	1.93e-45	93.893	100
OTU_545	FJ717462	591453	185	1.16e-42	92.366	100
OTU_545	FJ717460	242824	185	1.16e-42	92.366	100
OTU_545	FJ717459	619704	185	1.16e-42	92.366	100
OTU_545	FJ717458	619703	185	1.16e-42	92.366	100
OTU_545	FJ717457	619702	185	1.16e-42	92.366	100
OTU_545	EU543176	310956	185	1.16e-42	92.366	100
OTU_545	AY878397	227884	185	1.16e-42	92.366	100
OTU_545	AY878396	310962	185	1.16e-42	92.366	100
OTU_545	U81579	55785	185	1.16e-42	92.366	100
OTU_545	AY878394	310960	180	5.40e-41	91.603	100
OTU_545	AY878390	310964	180	5.40e-41	91.729	100
OTU_545	AY878391	310955	178	1.94e-40	91.603	100
OTU_545	JN049672	554024	176	6.99e-40	90.698	100
OTU_545	DQ285636	310959	176	6.99e-40	91.538	100
OTU_545	FJ717461	591447	174	2.51e-39	90.840	100
OTU_545	AY878395	55785	174	2.51e-39	90.840	100
OTU_545	DQ275363	357918	172	9.04e-39	90.840	98
OTU_545	AY878392	310958	171	3.25e-38	90.769	100
OTU_545	KC522709	619704	163	5.44e-36	92.241	89
OTU_545	KC522716	591453	159	7.04e-35	91.453	89
OTU_545	KC522713	55785	159	7.04e-35	91.453	89
OTU_204	KY230741	1496267	239	8.79e-59	100.000	100
OTU_204	KY230782	1190784	233	4.09e-57	99.231	100
OTU_204	KY554604	2022977	228	1.90e-55	98.450	100
OTU_204	KY230769	2042009	217	4.12e-52	96.899	100
OTU_204	KY230768	1113191	217	4.12e-52	96.899	100
OTU_204	KY554620	2022991	217	4.12e-52	96.899	100
OTU_204	KY554614	2022947	217	4.12e-52	96.899	100
OTU_204	AY555522	187699	217	4.12e-52	96.899	100
OTU_204	KY554615	2022948	211	1.92e-50	96.124	100
OTU_204	KY554609	2022942	211	1.92e-50	96.124	100
OTU_204	EU740452	100272	211	1.92e-50	96.124	100
OTU_204	KY230762	2041935	206	8.91e-49	95.385	100
OTU_204	KY230759	187684	206	8.91e-49	95.385	100
OTU_204	KY230719	187684	206	8.91e-49	95.385	100
OTU_204	EU740659	100272	206	8.91e-49	95.349	100
OTU_204	EU740472	100272	206	8.91e-49	95.349	100
OTU_204	EU740429	100272	206	8.91e-49	95.349	100
OTU_204	AF005452	50589	206	8.91e-49	95.385	100
OTU_204	KY554621	2022945	204	3.20e-48	95.349	100
OTU_204	KY230784	2041968	200	4.15e-47	94.574	100
OTU_204	KY230779	247611	200	4.15e-47	94.574	100
OTU_204	KY230775	2041954	200	4.15e-47	94.574	100
OTU_204	KY230774	187635	200	4.15e-47	94.574	100
OTU_204	KY230761	2041960	200	4.15e-47	94.615	100
OTU_204	KY230757	187710	200	4.15e-47	94.574	100
OTU_208	KY554494	100272	239	8.79e-59	100.000	100
OTU_208	OL839310	2547466	239	8.79e-59	100.000	100
OTU_208	OL839308	2547465	239	8.79e-59	100.000	100
OTU_208	AY267973	100272	226	6.84e-55	98.438	99
OTU_208	AY267970	100272	226	6.84e-55	98.438	99
OTU_208	JQ000035	2051809	224	2.46e-54	100.000	94
OTU_208	AY267974	100272	220	3.18e-53	97.656	99
OTU_208	OL839311	2547477	206	8.91e-49	95.385	100
OTU_208	OL839309	2547470	206	8.91e-49	95.385	100
OTU_208	EU740663	100272	206	8.91e-49	95.385	100
OTU_208	EU740623	100272	206	8.91e-49	95.385	100
OTU_208	EU740608	100272	206	8.91e-49	95.385	100
OTU_208	EU740479	100272	206	8.91e-49	95.385	100
OTU_208	EU740626	100272	200	4.15e-47	94.615	100
OTU_208	EU740615	100272	200	4.15e-47	94.615	100
OTU_208	EU740595	100272	200	4.15e-47	94.615	100
OTU_208	EU740504	100272	200	4.15e-47	94.615	100
OTU_208	EU740482	100272	200	4.15e-47	94.615	100
OTU_208	EU740618	100272	195	1.93e-45	95.161	95
OTU_208	EU740515	100272	195	1.93e-45	93.846	100
OTU_208	EU740633	100272	193	6.94e-45	93.846	100
OTU_208	EU740605	100272	193	6.94e-45	93.846	100
OTU_208	EU740604	100272	193	6.94e-45	93.846	100
OTU_208	EU740588	100272	193	6.94e-45	93.846	100
OTU_208	EU740508	100272	193	6.94e-45	93.846	100
OTU_162	KX999712	1764557	161	1.96e-35	89.313	100
OTU_162	FN263282	100272	143	7.09e-30	86.923	100
OTU_162	KF539408	1427730	134	4.26e-27	85.496	100
OTU_162	HQ852090	687548	124	2.57e-24	84.328	100
OTU_162	AF119078	120987	124	2.57e-24	84.328	100
OTU_162	Z83752	6421	124	2.57e-24	84.559	100
OTU_162	MW365857	112939	122	9.23e-24	84.211	100
OTU_162	HQ203104	933804	122	9.23e-24	84.058	100
OTU_162	HQ203103	933805	122	9.23e-24	84.058	100
OTU_162	AY775754	297408	122	9.23e-24	84.211	100
OTU_162	Z83751	55814	121	3.32e-23	83.942	100
OTU_162	MH424932	2250542	119	1.19e-22	83.704	100
OTU_162	MH424931	2250536	119	1.19e-22	83.704	100
OTU_162	MH424928	2250535	119	1.19e-22	83.704	100
OTU_162	KT072121	100272	119	1.19e-22	84.375	97
OTU_162	KJ767478	1604404	119	1.19e-22	83.704	100
OTU_162	KJ767477	1604404	119	1.19e-22	83.704	100
OTU_162	KJ767476	1604403	119	1.19e-22	83.704	100
OTU_162	JX303677	1306380	119	1.19e-22	83.582	100
OTU_162	JN018237	1046760	119	1.19e-22	83.459	100
OTU_162	JN623117	1119200	119	1.19e-22	83.333	100
OTU_162	HQ219472	573652	119	1.19e-22	83.969	100
OTU_162	GQ410639	860919	119	1.19e-22	83.333	100
OTU_162	GQ261956	763143	119	1.19e-22	83.459	100
OTU_162	DQ871289	406290	119	1.19e-22	83.459	100
OTU_99	AP022634	34305	233	4.09e-57	99.225	100
OTU_99	AP022634	34305	233	4.09e-57	99.225	100
OTU_99	AP022634	34305	233	4.09e-57	99.225	100
OTU_99	LR722623	112509	233	4.09e-57	99.225	100
OTU_99	XR_003358374	3469	233	4.09e-57	99.225	100
OTU_99	AB904181	163893	233	4.09e-57	99.225	100
OTU_99	AB904179	163893	233	4.09e-57	99.225	100
OTU_99	AB904175	163893	233	4.09e-57	99.225	100
OTU_99	XR_006488179	4565	233	4.09e-57	99.225	100
OTU_99	KC513004	304012	233	4.09e-57	99.225	100
OTU_99	KC512999	1291289	233	4.09e-57	99.225	100
OTU_99	KC512960	45061	233	4.09e-57	99.225	100
OTU_99	KC512959	133901	233	4.09e-57	99.225	100
OTU_99	KC512958	1291679	233	4.09e-57	99.225	100
OTU_99	KC512956	133901	233	4.09e-57	99.225	100
OTU_99	KC512955	133901	233	4.09e-57	99.225	100
OTU_99	KC512954	1291225	233	4.09e-57	99.225	100
OTU_99	EU740571	100272	233	4.09e-57	99.225	100
OTU_99	EU740549	100272	233	4.09e-57	99.225	100
OTU_99	EU740533	100272	233	4.09e-57	99.225	100
OTU_99	AB904173	163899	228	1.90e-55	98.450	100
OTU_99	AB904172	163899	228	1.90e-55	98.450	100
OTU_99	KC512998	1291288	228	1.90e-55	98.450	100
OTU_99	KC512957	407010	228	1.90e-55	98.450	100
OTU_99	KC512928	1291239	228	1.90e-55	98.450	100
OTU_99	JN797295	1225604	224	2.46e-54	99.194	96
OTU_99	KC513008	670443	222	8.85e-54	97.674	100
OTU_2422	XR_003777136	34638	178	1.94e-40	91.538	100
OTU_2422	XR_003777128	34638	178	1.94e-40	91.538	100
OTU_2422	KY554629	2022937	178	1.94e-40	91.603	100
OTU_2422	AB862883	1414592	178	1.94e-40	91.538	100
OTU_2422	AY620938	296244	178	1.94e-40	91.538	100
OTU_2422	LC333816	2054912	172	9.04e-39	90.769	100
OTU_2422	AB862882	1414592	172	9.04e-39	90.769	100
OTU_2422	AB618065	992338	172	9.04e-39	90.769	100
OTU_2422	AB618064	992338	172	9.04e-39	90.769	100
OTU_2422	AB618062	322050	172	9.04e-39	90.769	100
OTU_2422	AB618061	322050	172	9.04e-39	90.769	100
OTU_2422	AB618060	322050	172	9.04e-39	90.769	100
OTU_2422	AB618059	911334	172	9.04e-39	90.769	100
OTU_2422	AB618058	911334	172	9.04e-39	90.769	100
OTU_2422	AY620935	281672	172	9.04e-39	90.909	100
OTU_2422	LC333817	2054912	167	4.20e-37	90.000	100
OTU_2422	AB862881	1414593	167	4.20e-37	90.000	100
OTU_2422	AB862880	1209662	167	4.20e-37	90.000	100
OTU_2422	AB618063	702693	167	4.20e-37	90.000	100
OTU_2422	GQ129213	34641	167	4.20e-37	90.000	100
OTU_2422	AF115374	91339	167	4.20e-37	90.000	100
OTU_2422	AY620940	109461	167	4.20e-37	90.000	100
OTU_2422	AY620934	296240	163	5.44e-36	89.474	100
OTU_2422	AY620936	296242	158	2.53e-34	88.636	100
OTU_2422	AB618057	84382	156	9.10e-34	88.462	100
OTU_330	AJ418786	178360	239	8.79e-59	100.000	100
OTU_330	AJ418785	178360	233	4.09e-57	99.225	100
OTU_330	AJ418782	39714	233	4.09e-57	99.225	100
OTU_330	X77692	39714	231	1.47e-56	99.225	100
OTU_330	AJ418783	39714	222	8.85e-54	97.692	100
OTU_330	EF456754	432293	217	4.12e-52	96.899	100
OTU_330	EF456753	432297	217	4.12e-52	96.899	100
OTU_330	AJ418784	39714	206	8.91e-49	95.385	100
OTU_330	AJ418787	178361	189	8.97e-44	93.023	100
OTU_330	EF023835	404700	165	1.51e-36	90.000	100
OTU_330	EF023332	404700	165	1.51e-36	90.000	100
OTU_330	EF023300	404700	165	1.51e-36	90.000	100
OTU_330	KF539408	1427730	159	7.04e-35	89.147	100
OTU_330	EF023453	404790	159	7.04e-35	89.231	100
OTU_330	AB901953	100272	156	9.10e-34	88.550	100
OTU_330	GU228868	707163	156	9.10e-34	88.462	100
OTU_330	EF024104	404740	156	9.10e-34	88.462	100
OTU_330	EF024499	404740	156	9.10e-34	88.462	100
OTU_330	EF024494	404740	156	9.10e-34	88.462	100
OTU_330	EF024403	404740	156	9.10e-34	88.462	100
OTU_330	AJ418788	178362	156	9.10e-34	88.462	100
OTU_330	EF025028	100272	150	4.23e-32	87.786	100
OTU_330	EF025021	100272	150	4.23e-32	87.786	100
OTU_330	EF456752	432298	148	1.52e-31	87.786	100
OTU_330	MK367939	88552	145	1.97e-30	86.923	100
OTU_536	KR081633	1797421	239	8.79e-59	100.000	100
OTU_536	KR081616	1797414	239	8.79e-59	100.000	100
OTU_536	AB818532	1323726	239	8.79e-59	100.000	100
OTU_536	AB818528	1323717	239	8.79e-59	100.000	100
OTU_536	MT406363	2730528	239	8.79e-59	100.000	100
OTU_536	MT406362	2730528	239	8.79e-59	100.000	100
OTU_536	MT406361	2730528	239	8.79e-59	100.000	100
OTU_536	EU433990	229868	239	8.79e-59	100.000	100
OTU_536	EU433988	503181	239	8.79e-59	100.000	100
OTU_536	AY494235	100272	237	3.16e-58	100.000	99
OTU_536	MK630358	768127	233	4.09e-57	99.225	100
OTU_536	MK630357	768127	233	4.09e-57	99.225	100
OTU_536	AB818530	1323719	233	4.09e-57	99.225	100
OTU_536	AB818527	1250599	233	4.09e-57	99.225	100
OTU_536	MT406360	2730529	233	4.09e-57	99.225	100
OTU_536	MT406359	2730529	233	4.09e-57	99.225	100
OTU_536	MT406358	2730534	233	4.09e-57	99.225	100
OTU_536	MT406357	2730534	233	4.09e-57	99.225	100
OTU_536	MT406356	2730534	233	4.09e-57	99.225	100
OTU_536	MT406355	2730529	233	4.09e-57	99.225	100
OTU_536	MT406354	2730534	233	4.09e-57	99.225	100
OTU_536	MT406353	2730534	233	4.09e-57	99.225	100
OTU_536	MT406352	2730529	233	4.09e-57	99.225	100
OTU_536	MT406351	2730532	233	4.09e-57	99.225	100
OTU_536	MT406350	2730532	233	4.09e-57	99.225	100
OTU_458	EU740653	100272	239	8.79e-59	100.000	100
OTU_458	EU740647	100272	239	8.79e-59	100.000	100
OTU_458	EU740641	100272	239	8.79e-59	100.000	100
OTU_458	EU740640	100272	239	8.79e-59	100.000	100
OTU_458	EU740518	100272	239	8.79e-59	100.000	100
OTU_458	EU740514	100272	239	8.79e-59	100.000	100
OTU_458	EU740495	100272	239	8.79e-59	100.000	100
OTU_458	EU740460	100272	239	8.79e-59	100.000	100
OTU_458	EU740453	100272	239	8.79e-59	100.000	100
OTU_458	EU740449	100272	239	8.79e-59	100.000	100
OTU_458	EU740438	100272	239	8.79e-59	100.000	100
OTU_458	EU740437	100272	239	8.79e-59	100.000	100
OTU_458	EU740431	100272	239	8.79e-59	100.000	100
OTU_458	MH924837	2505954	228	1.90e-55	98.450	100
OTU_458	KY554582	100272	228	1.90e-55	98.450	100
OTU_458	KY554557	100272	228	1.90e-55	98.450	100
OTU_458	KY554540	100272	228	1.90e-55	98.450	100
OTU_458	KY554537	100272	228	1.90e-55	98.450	100
OTU_458	KY554523	100272	228	1.90e-55	98.450	100
OTU_458	KY554518	100272	228	1.90e-55	98.450	100
OTU_458	KY554487	100272	228	1.90e-55	98.450	100
OTU_458	KC206041	1298651	228	1.90e-55	98.450	100
OTU_458	KC206040	446301	228	1.90e-55	98.450	100
OTU_458	KC206039	403128	228	1.90e-55	98.450	100
OTU_458	AB649028	538668	228	1.90e-55	98.450	100
